// Jest Snapshot v1, https://goo.gl/fbAQLP

exports[`ThemeContext provides theme values to children 1`] = `null`;
